[preview.colorlib.com/theme/evento/index.html]
[backblue.gif]
[fade.gif]
[index.html]
[preview.colorlib.com/theme/evento/assets/css/bootstrap.min.css]
[preview.colorlib.com/theme/evento/assets/css/font-awesome.min.css]
[preview.colorlib.com/theme/evento/assets/css/et-line.css]
[preview.colorlib.com/theme/evento/assets/css/ionicons.min.css]
[preview.colorlib.com/theme/evento/assets/css/owl.carousel.min.css]
[preview.colorlib.com/theme/evento/assets/css/owl.theme.default.min.css]
[preview.colorlib.com/theme/evento/assets/css/animate.min.css]
[preview.colorlib.com/theme/evento/assets/css/main.css]
[preview.colorlib.com/theme/evento/assets/img/logo.png]
[preview.colorlib.com/theme/evento/assets/img/bg/slider.png]
[preview.colorlib.com/theme/evento/0]
[preview.colorlib.com/theme/evento/1]
[preview.colorlib.com/theme/evento/2]
[preview.colorlib.com/theme/evento/assets/img/bg/bg-img.png]
[preview.colorlib.com/theme/evento/assets/img/speakers/s1.png]
[preview.colorlib.com/theme/evento/assets/img/speakers/s2.png]
[preview.colorlib.com/theme/evento/assets/img/speakers/s3.png]
[preview.colorlib.com/theme/evento/assets/img/speakers/s4.png]
[preview.colorlib.com/theme/evento/assets/img/speakers/s5.png]
[preview.colorlib.com/theme/evento/assets/img/speakers/s6.png]
[preview.colorlib.com/theme/evento/assets/img/speakers/s7.png]
[preview.colorlib.com/theme/evento/assets/img/speakers/s8.png]
[preview.colorlib.com/theme/evento/assets/img/cleander/c1.png]
[preview.colorlib.com/theme/evento/assets/img/cleander/c2.png]
[preview.colorlib.com/theme/evento/assets/img/cleander/c3.png]
[preview.colorlib.com/theme/evento/assets/img/brands/b1.png]
[preview.colorlib.com/theme/evento/assets/img/brands/b2.png]
[preview.colorlib.com/theme/evento/assets/img/brands/b3.png]
[preview.colorlib.com/theme/evento/assets/img/brands/b4.png]
[preview.colorlib.com/theme/evento/assets/img/brands/b5.png]
[preview.colorlib.com/theme/evento/assets/img/bg/tickets.png]
[preview.colorlib.com/theme/evento/assets/js/jquery.min.js]
[preview.colorlib.com/theme/evento/assets/js/popper.js]
[preview.colorlib.com/theme/evento/assets/js/bootstrap.min.js]
[preview.colorlib.com/theme/evento/assets/js/waypoints.min.js]
[preview.colorlib.com/theme/evento/assets/js/owl.carousel.min.js]
[preview.colorlib.com/theme/evento/assets/js/parallax.min.js]
[preview.colorlib.com/theme/evento/assets/js/jquery.counterup.min.js]
[preview.colorlib.com/theme/evento/assets/js/jquery.countdown.min.js]
[preview.colorlib.com/theme/evento/assets/js/wow.min.js]
[preview.colorlib.com/theme/evento/index.html]
[preview.colorlib.com/theme/evento/assets/css/bootstrap.min.css]
[preview.colorlib.com/theme/evento/assets/js/main.js]
[preview.colorlib.com/theme/evento/assets/fonts/fontawesome-webfont3e6e.eot]
[preview.colorlib.com/theme/evento/assets/fonts/fontawesome-webfontd41d.eot]
[preview.colorlib.com/theme/evento/assets/fonts/fontawesome-webfont3e6e.woff2]
[preview.colorlib.com/theme/evento/assets/fonts/fontawesome-webfont3e6e.woff]
[preview.colorlib.com/theme/evento/assets/fonts/fontawesome-webfont3e6e.ttf]
[preview.colorlib.com/theme/evento/assets/fonts/Linearicons-Free54e9.eot]
[preview.colorlib.com/theme/evento/assets/fonts/fontawesome-webfont3e6e.svg]
[preview.colorlib.com/theme/evento/assets/fonts/Linearicons-Freed41d.eot]
[preview.colorlib.com/theme/evento/assets/fonts/Linearicons-Free54e9.woff2]
[preview.colorlib.com/theme/evento/assets/fonts/Linearicons-Free54e9.woff]
[preview.colorlib.com/theme/evento/assets/fonts/Linearicons-Free54e9.ttf]
[preview.colorlib.com/theme/evento/assets/css/font-awesome.min.css]
[preview.colorlib.com/theme/evento/assets/fonts/Linearicons-Free54e9.svg]
[preview.colorlib.com/theme/evento/assets/fonts/et-line.eot]
[preview.colorlib.com/theme/evento/assets/fonts/et-lined41d.eot]
[preview.colorlib.com/theme/evento/assets/fonts/et-line.woff]
[preview.colorlib.com/theme/evento/assets/fonts/et-line.ttf]
[preview.colorlib.com/theme/evento/assets/css/et-line.css]
[preview.colorlib.com/theme/evento/assets/fonts/et-line.svg]
[preview.colorlib.com/theme/evento/assets/fonts/ionicons28b5.eot]
[preview.colorlib.com/theme/evento/assets/fonts/ionicons28b5.ttf]
[preview.colorlib.com/theme/evento/assets/fonts/ionicons28b5.woff]
[preview.colorlib.com/theme/evento/assets/fonts/ionicons28b5.svg]
[preview.colorlib.com/theme/evento/assets/css/ionicons.min.css]
[preview.colorlib.com/theme/evento/assets/css/owl.video.play.png]
[preview.colorlib.com/theme/evento/assets/css/owl.carousel.min.css]
[preview.colorlib.com/theme/evento/assets/css/owl.theme.default.min.css]
[preview.colorlib.com/theme/evento/assets/css/animate.min.css]
[preview.colorlib.com/theme/evento/assets/css/main.css]
[preview.colorlib.com/theme/evento/0.html]
[preview.colorlib.com/theme/evento/1.html]
[preview.colorlib.com/theme/evento/2.html]
[preview.colorlib.com/theme/evento/assets/fonts/fontawesome-webfont3e6e.svg]
[preview.colorlib.com/theme/evento/assets/fonts/Linearicons-Free54e9.svg]
[preview.colorlib.com/theme/evento/assets/fonts/et-line.svg]
[preview.colorlib.com/theme/evento/assets/fonts/ionicons28b5.html]
[preview.colorlib.com/theme/evento/assets/css/owl.video.play.html]
